<html>
<body>
<pre>
<h1>礦ision Build Log</h1>
<h2>Tool Versions:</h2>
IDE-Version: μVision V5.28.0.0
Copyright (C) 2019 ARM Ltd and ARM Germany GmbH. All rights reserved.
License Information: wqfac Liuwei, sca, LIC=EXJCX-H8EIQ-GIR5Q-N8L5X-72GWL-QGLCS
 
Tool Versions:
Toolchain:       MDK-ARM Plus  Version: 5.28.0.0
Toolchain Path:  D:\Software_Tool\Keil_v5\ARM\ARMCC\Bin
C Compiler:      Armcc.exe V5.06 update 6 (build 750)
Assembler:       Armasm.exe V5.06 update 6 (build 750)
Linker/Locator:  ArmLink.exe V5.06 update 6 (build 750)
Library Manager: ArmAr.exe V5.06 update 6 (build 750)
Hex Converter:   FromElf.exe V5.06 update 6 (build 750)
CPU DLL:         SARMCM3.DLL V5.28.0.0
Dialog DLL:      DCM.DLL V1.17.3.0
Target DLL:      Segger\JL2CM3.dll V2.99.36.0
Dialog DLL:      TCM.DLL V1.36.2.0
 
<h2>Project:</h2>
E:\github_ide\keyboard\software\MDK-ARM\Cube_MX.uvprojx
Project File Date:  04/27/2020

<h2>Output:</h2>
*** Using Compiler 'V5.06 update 6 (build 750)', folder: 'D:\Software_Tool\Keil_v5\ARM\ARMCC\Bin'
Build target 'Cube_MX'
compiling bsp_gui.c...
..\modules\mx_oled\bsp_gui.c(124): warning:  #223-D: function "OLED_Clear" declared implicitly
  				OLED_Clear();//更换界面清屏
..\modules\mx_oled\bsp_gui.c(133): warning:  #223-D: function "OLED_Clear" declared implicitly
  				OLED_Clear();//更换界面清屏
..\modules\mx_oled\bsp_gui.c(155): warning:  #223-D: function "OLED_DrawBMP" declared implicitly
  		case 0:{OLED_DrawBMP(0,0,128,6,BMP2);mx_oled_info_s.oled_options_s[0]=1;};break;
..\modules\mx_oled\bsp_gui.c(196): warning:  #223-D: function "OLED_ShowChar" declared implicitly
  		if(min+k==get_finger)OLED_ShowChar(0,(k)*2,'-');
..\modules\mx_oled\bsp_gui.c(197): warning:  #223-D: function "OLED_ShowChar" declared implicitly
  		else OLED_ShowChar(0,(k)*2,' ');
..\modules\mx_oled\bsp_gui.c(198): warning:  #223-D: function "OLED_ShowNum" declared implicitly
  		OLED_ShowNum(10,(k)*2,min+k,1,16);
..\modules\mx_oled\bsp_gui.c(199): warning:  #223-D: function "OLED_ShowString" declared implicitly
  		OLED_ShowString(20,(k)*2,&fin_mx_task[min+k-1][0]);
..\modules\mx_oled\bsp_gui.c(292): warning:  #223-D: function "OLED_ShowString" declared implicitly
  	OLED_ShowString(2,0,(u8*)"button_ad_text");
..\modules\mx_oled\bsp_gui.c(293): warning:  #223-D: function "OLED_ShowNum" declared implicitly
  	OLED_ShowNum(10,4,mx_oled_info_s.adc_key_val,7,16);
..\modules\mx_oled\bsp_gui.c: 9 warnings, 0 errors
compiling tim.c...
compiling bsp_oled.c...
compiling freertos.c...
compiling main.c...
compiling bsp_ws2812b.c...
..\modules\ws2812b\bsp_ws2812b.c(200): warning:  #1-D: last line of file ends without a newline
  }
..\modules\ws2812b\bsp_ws2812b.c: 1 warning, 0 errors
compiling keyboard_task.c...
compiling key_task.c...
compiling oled_task.c...
compiling ws2812b_task.c...
..\applications\ws2812b_task.c(68): warning:  #550-D: variable "aRGB"  was set but never used
      uint32_t aRGB;
..\applications\ws2812b_task.c: 1 warning, 0 errors
linking...
Program Size: Code=26568 RO-data=2172 RW-data=2060 ZI-data=22956  
FromELF: creating hex file...
"Cube_MX\Cube_MX.axf" - 0 Error(s), 11 Warning(s).

<h2>Software Packages used:</h2>

Package Vendor: ARM
                http://www.keil.com/pack/ARM.CMSIS.5.5.1.pack
                ARM.CMSIS.5.5.1
                CMSIS (Cortex Microcontroller Software Interface Standard)
   * Component: CORE Version: 5.2.0

Package Vendor: Keil
                http://www.keil.com/pack/Keil.STM32F4xx_DFP.2.7.0.pack
                Keil.STM32F4xx_DFP.2.7.0
                STMicroelectronics STM32F4 Series Device Support, Drivers and Examples

<h2>Collection of Component include folders:</h2>
  .\RTE\_Cube_MX
  D:\Software_Tool\Keil_user\AppData\Local\Arm\Packs\ARM\CMSIS\5.5.1\CMSIS\Core\Include
  D:\Software_Tool\Keil_user\AppData\Local\Arm\Packs\Keil\STM32F4xx_DFP\2.7.0\Drivers\CMSIS\Device\ST\STM32F4xx\Include

<h2>Collection of Component Files used:</h2>

   * Component: ARM::CMSIS:CORE:5.2.0
Build Time Elapsed:  00:00:24
</pre>
</body>
</html>
